since the 1880s  south africa  has been the source for a large proportion of the worlds gold supply with about 50 of all gold ever produced having come from south africa production in 1970 accounted for 79 of the world supply producing about 1000  tonnes  however by 2005 production was just 294 tonnes according to the  british geological survey  this sharp decline was due to the increasing difficulty of extraction and changing economic factors affecting the industry in south africa
