unstable allotropes of nitrogen consisting of more than two nitrogen atoms have been produced in the laboratory like n3 and  nsub4sub  under extremely high pressures 11 million atm and high temperatures 2000 k as produced under  diamond anvil  conditions nitrogen polymerizes into the single bonded  diamond  crystal structure an allotrope nicknamed nitrogen diamond
