silicon was first identified by  antoine lavoisier  in  1787  as a component of the  latin     or silicis meaning what were more generally termed the  flints  or hard rocks during the  early modern era  where nowadays as we would say silica or silicates and was later mistaken by  humphry davy  in  1800  for a compound in  1811   gaylussac  and  thénard  probably prepared impure  amorphous silicon  through the heating of  potassium  with  silicon tetrafluoride  it was first discovered as an element by  berzelius  in  1823  in  1824  berzelius prepared amorphous silicon using approximately the same method as lussac berzelius also purified the product by repeatedly washing it
