ethylene bromide is a additive in gasolines containing lead anti engine knocking  agents  it scavenges lead by forming volatile lead bromide which is exhausted from the engine  this application has declined since the 1970s due to environmental regulations  ethylene bromide is also used as a fumigant but again this application is declining
