dysprosium is a  rare earth  element that has a metallic bright silver luster relatively stable in air at room temperature but dissolving readily in dilute or concentrated  mineral acids  with the emission of  hydrogen  it is soft enough to be cut with boltcutters but not with a knife and can be machined without sparking if overheating is avoided dysprosiums characteristics can be greatly affected even by small amounts of impurities
