though it is not often thought of as a  college town  there are about 594000 university students in new york city the highest number of any city in the united states in 2005 three out of five manhattan residents were college graduates and one out of four had advanced degrees forming one of the highest concentrations of highly educated people in any american city public postsecondary education is provided by the  city university of new york  the nations thirdlargest public university system and the  fashion institute of technology  part of the  state university of new york  new york city is also home to such notable private universities as  barnard college   columbia university   cooper union   fordham university   new york university   the new school  and  yeshiva university  the city has dozens of other smaller private colleges and universities including many religious and specialpurpose institutions such as  the juilliard school  and  the school of visual arts
