karachi is the financial capital of pakistan it accounts for the lions share of  gdp  and revenue it generates over 60 of the total national revenue federal and provincial taxes customs and surcharges karachi produces about 42 percent of value added in large scale manufacturing in february 2007 the  world bank  identified karachi as the most businessfriendly city in pakistan
