geological data shows that the bandung basin is located on an ancient volcano known as mount sunda erected up to 3000ndash4000nbspmetres 9850ndash13100nbspft during the  pleistocene  age two large scale eruptions took place the first formed the basin and the other est 55000  before present  blocked the citarum river turning the basin into a lake known as the great lake of bandung the lake drained away the reason for which is the subject of ongoing debate among geologists
