due to taiwan being under american and japanese influence over the years the sports of  baseball  in particular and  basketball  have become popular in the city taipei like the rest of the country has featured most prominently in baseball and has often been the venue for the  asian baseball championship  since the 1960s
