children from 3 to 5 years old in  spain  have the option of attending the infantil popularly known as preescolar or  preschool  stage which is noncompulsory and free for all students it is regarded as an integral part of the education system with infantil classes in almost every primary school there are some separate colegios infantiles or nursery schools
