 buses  are the most popular means of transport catering to about 60 of the total demand the stateowned  delhi transport corporation  dtc is a major bus service provider for the city the dtc operates the worlds largest fleet of environmentfriendly cng buses though pollution from road transport has decreased in recent years it is still at a high level
