 southern methodist university  smu is a  private   coeducational  university in  university park  an independent city that together with the adjacent town of highland park is entirely surrounded by dallas smu was founded in 1911 by the  southern methodist church  and now enrolls 6500  undergraduates  1200 professional students in the  law  and  theology  departments and 3500  postgraduates
