seven styles of architecture predominate in urban xian the first three which include the architecture of qin and han dynasties 秦汉风格 the architecture of tang dynasty 唐风 and at last the architecture of ming and qing dynasties 明清风格 these three styles are all chinese traditional but they could be differed from the colors of the roof and certain details for qin and han style the roof is black and no decorations are used under the roof for tang style people began to use a lot of the colour red but still prefer the black or dark green roof and the buildings were all divine and huge to show off the power of the country when the history went into ming and qing dynasties roofs color changed to yellow and people value tremendously on details such as drawings and prints under the roof
