the  invalides  museum is the burial place for many great french soldiers including  napoleon  and the  panthéon  church is where many of frances illustrious men and women are buried the former  conciergerie  prison held some prominent  ancien régime  members before their deaths during the  french revolution  another symbol of the revolution are the two  statues of liberty  located on the  île des cygnes  on the seine and in the  luxembourg garden  a larger version of the statues was sent as a gift from france to  america  in 1886 and now stands in  new york city s harbour
