pernambuco prospered from the  sugarcane  industry  beet  sugar was not industrially produced in europe until the beginning of the  19th century  at the time in europe sugarcane plantations could be grown only in  andalusia  and the  algarve  in the 1420s sugarcane was carried to the  canary islands   madeira  and the  azores  the sugar from brazil was very appreciated in europe duarte coelho found in pernambuco plenty of fertile land and an excellent climate for the cultivation of cane all he needed was labor to work in the crops and to keep the engenhos rustic wooden machinery moving
