originally much of the valley lay beneath the waters of  lake of texcoco  a system of interconnected saline and freshwater lakes the  aztecs  built dikes to separate the fresh water used to raise crops in  chinampas  and to prevent recurrent floods these dikes were destroyed during the siege of tenochtitlan and during colonial times the spanish regularly drained the lake to prevent floods only a small section of the original lake remains located outside the federal district in the  state of mexico  in the municipality of atenco
