 cycle rickshaws  and  auto rickshaws  are the main mode of transport for the inhabitants of the city with close to 400000 rickshaws running each day mdash the largest number for any city in the world however only about 80000 rickshaws are licensed by the city government relatively lowcost and nonpolluting cycle rickshaws nevertheless cause  traffic congestion  and have been banned from many parts of the city public buses are operated by the staterun  bangladesh road transport corporation  brtc and by private companies and operators scooters  taxis  and privatelyowned automobiles are increasingly becoming popular with the citys growing middleclass the government has overseen the replacement of twostroke engine taxis with green taxis locally called cng which run on  compressed natural gas
