particularly notable about hong kongs skyline and streetscape is the omnipresence of public housing estates which began as a squatter resettlement program in the 1950s and now houses close to 50 of the population  these estates have evolved from sevenstorey walkup apartments with public toilets and minimal amenities allocated on a basis of    per adult half of that for a child to highquality highrises  the public rental program has been supplemented with a governmentsubsidised home ownership scheme
