the governing mayor is simultaneously lord mayor of the city oberbürgermeister der stadt and prime minister of the federal state ministerpräsident des bundeslandes the office of berlins governing mayor is in the  rotes rathaus  red city hall since 2001 this office has been held by  klaus wowereit  of the spd the citys government is based on a coalition between the  social democratic party  and  the left party
