during the  tang dynasty  both the poet god  li bó     and the poet sage  dù fu     spent some part of their lives in chengdu du fu constructed the celebrated caotáng  or grasshut in the second year of his fouryears stay  759  762  but todays caotang a rather sumptuous house in the traditional style was only constructed in  1078  in memory of du fu
