the gross state product of the district in 2006 was   87664 billion ranking it 35 when compared with the fifty states in 2006 expansion magazine ranked dc among the top 10 metropolitan areas in the nation for climates favorable to business expansion in terms of commercial office space washington dc has the 3rd largest downtown in america only behind  new york city  and  chicago  respectively
