the citys classical museums include the  national archaeological museum of athens  at  patission street  housing the worlds greatest collection of  greek art  the  benaki museum  in  pireos street  including its new islamic art branch the  byzantine museum  and the museum of cycladic art  stathatos mansion  in the central  kolonaki  district recommended for its collection of elegant white metamodern figures dating back 3000 years most museums were renovated ahead of the  2004 olympics  a  new acropolis museum  is scheduled to open in mid 2008 in the makriyanni district designed by swissfrench architect  bernard tschumi  the athens  planetarium  located in  andrea syngrou avenue  is considered among the worlds best
