new yorks food culture influenced by the citys immigrants and large number of dining patrons is diverse jewish and italian immigrants have made the city famous for  bagels   cheesecake  and  new yorkstyle pizza  some 4000 mobile food vendors licensed by the city many immigrantowned have made middle eastern foods such as  falafels  and  kebabs  standbys of contemporary new york street food although hot dogs and pretzels are still the main street fare the city is also home to many of the finest  haute cuisine  restaurants in the united states
