during and after  world war ii  massive population increases in shanghai led many shikumen houses to be heavily subdivided for example the spacious living room is often divided into three or four rooms each lent out to a family these cramped conditions continue to exist in many of the shikumen districts that have survived recent development
