print journalism remains a popular news medium in delhi  during the year 200405 1029 newspapersmdashin thirteen languagesmdashwere published from the city  of these 492 were  hindi  language newspapers and included  navbharat times   dainik hindustan   punjab kesri   dainik jagran   dainik bhaskar  and fastest growing weekly the stageman international  among the  english language  newspapers the  hindustan times  with over a million copies in circulation was the single largest daily since the inauguration of several new  fm  channels in 2006
