xian was granted the right to host the 2011 world horticultural exposition by the association of international producers of horticulture aiph at its 59th congress held at  brighton   united kingdom  on  september 4  2007 the 2011 world hortiexpo will be held from  april 11  to  october 11   2011  as an exhibition of a2b1 level which permits local government to applythe expo is expected to bring some 10 million visitors to xian the venue will be located in a new district of the city chanba district
